[detheme.com/templates/etan/index.html]
[backblue.gif]
[fade.gif]
[index.html]
[detheme.com/templates/etan/css/normalize.css]
[detheme.com/templates/etan/css/webflow.css]
[detheme.com/templates/etan/css/etan.webflow.css]
[ajax.googleapis.com/ajax/libs/webfont/1.6.26/webfont.js]
[detheme.com/templates/etan/icons/favicon.png]
[detheme.com/templates/etan/icons/webclip.png]
[detheme.com/templates/etan/about.html]
[detheme.com/templates/etan/our-work.html]
[detheme.com/templates/etan/our-work-2.html]
[detheme.com/templates/etan/services.html]
[detheme.com/templates/etan/news.html]
[detheme.com/templates/etan/contact-us.html]
[detheme.com/templates/etan/hiring.html]
[detheme.com/templates/etan/_videos/wavy-poster-00001.jpg]
[detheme.com/templates/etan/videos/wavy-transcode.mp4]
[detheme.com/templates/etan/videos/wavy-transcode.webm]
[detheme.com/templates/etan/images/service1.svg]
[detheme.com/templates/etan/images/service5.svg]
[detheme.com/templates/etan/images/service4.svg]
[detheme.com/templates/etan/images/service2.svg]
[detheme.com/templates/etan/images/service7.svg]
[detheme.com/templates/etan/images/service6.svg]
[detheme.com/templates/etan/images/service8.svg]
[detheme.com/templates/etan/images/service3.svg]
[detheme.com/templates/etan/images/offer1.svg]
[detheme.com/templates/etan/images/offer2.svg]
[detheme.com/templates/etan/images/offer3.svg]
[detheme.com/templates/etan/images/offer4.svg]
[detheme.com/templates/etan/images/card.jpg]
[detheme.com/templates/etan/images/pic1.jpg]
[detheme.com/templates/etan/images/pic3.jpg]
[detheme.com/templates/etan/images/pic2.jpg]
[detheme.com/templates/etan/images/industry1.svg]
[detheme.com/templates/etan/images/industry2.svg]
[detheme.com/templates/etan/images/industry3.svg]
[detheme.com/templates/etan/images/industry4.svg]
[detheme.com/templates/etan/images/industry5.svg]
[detheme.com/templates/etan/images/industry6.svg]
[detheme.com/templates/etan/single-post.html]
[detheme.com/templates/etan/images/awards9.svg]
[detheme.com/templates/etan/images/award5.svg]
[detheme.com/templates/etan/images/award3.svg]
[detheme.com/templates/etan/images/award2.svg]
[detheme.com/templates/etan/images/awards4.svg]
[detheme.com/templates/etan/images/award8.svg]
[detheme.com/templates/etan/images/award6.svg]
[detheme.com/templates/etan/images/award1.svg]
[detheme.com/templates/etan/images/award7.svg]
[d3e54v103j8qbb.cloudfront.net/js/jquery-3.4.1.min.220afd743d.js]
[detheme.com/templates/etan/index.html]
[detheme.com/templates/etan/css/normalize.css]
[detheme.com/templates/etan/css/webflow.css]
[detheme.com/templates/etan/images/industry-illustration.jpg]
[detheme.com/templates/etan/js/webflow.js]
[detheme.com/templates/etan/images/example-bg.png]
[detheme.com/templates/etan/images/stripe_f1ea6e05e47e42e1023034f713c5bf9b_1stripe_f1ea6e05e47e42e1023034f713c5bf9b.png]
[detheme.com/templates/etan/images/startupoffice.jpg]
[detheme.com/templates/etan/images/photo-1562184724-0b0833e5ba27.jpg]
[detheme.com/templates/etan/images/photo-1562185000-12e4f02e2020.jpg]
[detheme.com/templates/etan/images/photo-1479660095429-2cf4e1360472.jpg]
[detheme.com/templates/etan/images/photo-1556742205-e10c9486e506.jpg]
[detheme.com/templates/etan/images/photo-1504384308090-c894fdcc538d.jpg]
[detheme.com/templates/etan/images/ten.jpg]
[detheme.com/templates/etan/images/creative.svg]
[detheme.com/templates/etan/images/photo-1494251202008-582bbc3eac69.jpg]
[detheme.com/templates/etan/images/photo-1516793553767-3f7aa5f04ffd.jpg]
[detheme.com/templates/etan/images/gratisography-358H.jpg]
[detheme.com/templates/etan/images/nine.jpg]
[detheme.com/templates/etan/images/gratisography-278H.jpg]
[detheme.com/templates/etan/images/300x400_1.svg]
[detheme.com/templates/etan/images/300x400-1.svg]
[detheme.com/templates/etan/images/300x400-2.svg]
[detheme.com/templates/etan/images/300x400-3.svg]
[detheme.com/templates/etan/images/300x400-4.svg]
[detheme.com/templates/etan/images/300x400-5.svg]
[detheme.com/templates/etan/images/300x400-6.svg]
[detheme.com/templates/etan/images/300x400-8.svg]
[detheme.com/templates/etan/images/300x400-9.svg]
[detheme.com/templates/etan/images/close-quote.svg]
[detheme.com/templates/etan/images/open-quote.svg]
[detheme.com/templates/etan/images/list.svg]
[detheme.com/templates/etan/images/2552x1130.svg]
[detheme.com/templates/etan/images/dot-pattern-1.svg]
[detheme.com/templates/etan/images/stripe-pattern.svg]
[detheme.com/templates/etan/images/photo-1556740772-1a741367b93e.jpg]
[detheme.com/templates/etan/images/photo-1551739440-5dd934d3a94a.jpg]
[detheme.com/templates/etan/images/Screen-Shot-2019-08-28-at-14.45.43.jpg]
[detheme.com/templates/etan/images/photo-1505740420928-5e560c06d30e.jpg]
[detheme.com/templates/etan/images/photo-1436473849883-bb3464c23e93.jpg]
[detheme.com/templates/etan/images/photo-1531608139434-1912ae0713cd.jpg]
[detheme.com/templates/etan/images/Screen-Shot-2019-08-28-at-14.47.25.jpg]
[detheme.com/templates/etan/images/photo-1545128650-e8394959608b.jpg]
[detheme.com/templates/etan/images/photo-1533575349875-5f372f88e25b.jpg]
[detheme.com/templates/etan/images/photo-1509198397868-475647b2a1e5.jpg]
[detheme.com/templates/etan/images/list-1.svg]
[detheme.com/templates/etan/fonts/fa-brands-400.woff2]
[detheme.com/templates/etan/fonts/fa-brands-400.woff]
[detheme.com/templates/etan/fonts/fa-brands-400.ttf]
[detheme.com/templates/etan/fonts/fa-brands-400.eot]
[detheme.com/templates/etan/fonts/fa-brands-400.svg]
[detheme.com/templates/etan/fonts/fa-regular-400.woff2]
[detheme.com/templates/etan/fonts/fa-regular-400.eot]
[detheme.com/templates/etan/fonts/fa-regular-400.woff]
[detheme.com/templates/etan/fonts/fa-regular-400.ttf]
[detheme.com/templates/etan/fonts/fa-regular-400.svg]
[detheme.com/templates/etan/fonts/fa-solid-900.woff2]
[detheme.com/templates/etan/fonts/fa-solid-900.woff]
[detheme.com/templates/etan/fonts/fa-solid-900.ttf]
[detheme.com/templates/etan/fonts/fa-solid-900.eot]
[detheme.com/templates/etan/css/etan.webflow.css]
[detheme.com/templates/etan/images/burger-menu-icon-white.svg]
[detheme.com/templates/etan/images/pexels-photo-1438072.jpg]
[detheme.com/templates/etan/fonts/fa-solid-900.svg]
[detheme.com/templates/etan/images/logo8.svg]
[detheme.com/templates/etan/images/photo-1491528323818-fdd1faba62cc.jpg]
[detheme.com/templates/etan/images/2.jpg]
[detheme.com/templates/etan/images/5.jpg]
[detheme.com/templates/etan/images/6.jpg]
[detheme.com/templates/etan/about.html]
[detheme.com/templates/etan/images/circle-button-1.svg]
[detheme.com/templates/etan/our-work.html]
[detheme.com/templates/etan/our-work-2.html]
[detheme.com/templates/etan/services.html]
[uploads-ssl.webflow.com/5d638efb45d893a76c58d5ca/5d674da2b85ac87fe341a509_nine.jpg]
[detheme.com/templates/etan/images/five.jpg]
[uploads-ssl.webflow.com/5d638efb45d893a76c58d5ca/5d674da21a93c624a8fa4e1e_eight.jpg]
[detheme.com/templates/etan/images/three.jpg]
[detheme.com/templates/etan/images/two.jpg]
[detheme.com/templates/etan/images/seven.jpg]
[detheme.com/templates/etan/news.html]
[detheme.com/templates/etan/contact-us.html]
[uploads-ssl.webflow.com/5d638efb45d893a76c58d5ca/5d638efb45d893b0fe58d67c_creative-man.jpg]
[uploads-ssl.webflow.com/5d638efb45d893a76c58d5ca/5d638efb45d89390ec58d67e_Screen Shot 2019-08-26 at 13.39.14.jpg]
[uploads-ssl.webflow.com/5d638efb45d893a76c58d5ca/5d638efb45d893e4d858d67f_Screen Shot 2019-08-26 at 13.42.01.jpg]
[uploads-ssl.webflow.com/5d638efb45d893a76c58d5ca/5d638efb45d893f0ed58d681_startup-chat.jpg]
[detheme.com/templates/etan/hiring.html]
[detheme.com/templates/etan/_videos/wavy-poster-00001.html]
[detheme.com/templates/etan/videos/wavy-transcode.mp4]
[detheme.com/templates/etan/images/service1.svg]
[detheme.com/templates/etan/images/service5.svg]
[detheme.com/templates/etan/images/service4.svg]
[detheme.com/templates/etan/images/service2.svg]
[detheme.com/templates/etan/images/service7.svg]
[detheme.com/templates/etan/images/service6.svg]
[detheme.com/templates/etan/images/service8.svg]
[detheme.com/templates/etan/images/service3.svg]
[detheme.com/templates/etan/images/offer1.svg]
[detheme.com/templates/etan/images/offer2.svg]
[detheme.com/templates/etan/images/offer3.svg]
[detheme.com/templates/etan/images/offer4.svg]
[detheme.com/templates/etan/images/industry1.svg]
[detheme.com/templates/etan/images/industry2.svg]
[detheme.com/templates/etan/images/industry3.svg]
[detheme.com/templates/etan/images/industry4.svg]
[detheme.com/templates/etan/images/industry5.svg]
[detheme.com/templates/etan/images/industry6.svg]
[detheme.com/templates/etan/library/grid.html]
[detheme.com/templates/etan/images/photo-1562184647-7c5c35548033.jpg]
[detheme.com/templates/etan/images/portrait2.png]
[detheme.com/templates/etan/single-post.html]
[detheme.com/templates/etan/images/awards9.svg]
[detheme.com/templates/etan/images/award5.svg]
[detheme.com/templates/etan/images/award3.svg]
[detheme.com/templates/etan/images/award2.svg]
[detheme.com/templates/etan/images/awards4.svg]
[detheme.com/templates/etan/images/award8.svg]
[detheme.com/templates/etan/images/award6.svg]
[detheme.com/templates/etan/images/award1.svg]
[detheme.com/templates/etan/images/award7.svg]
[detheme.com/templates/etan/images/example-bg.html]
[detheme.com/templates/etan/images/Ellipse.svg]
[detheme.com/templates/etan/images/creative.svg]
[detheme.com/templates/etan/images/300x400_1.svg]
[detheme.com/templates/etan/images/300x400-1.svg]
[detheme.com/templates/etan/images/300x400-2.svg]
[detheme.com/templates/etan/images/300x400-3.svg]
[detheme.com/templates/etan/images/300x400-4.svg]
[detheme.com/templates/etan/images/300x400-5.svg]
[detheme.com/templates/etan/images/300x400-6.svg]
[detheme.com/templates/etan/images/300x400-8.svg]
[detheme.com/templates/etan/images/300x400-9.svg]
[detheme.com/templates/etan/images/close-quote.svg]
[detheme.com/templates/etan/images/open-quote.svg]
[detheme.com/templates/etan/images/list.svg]
[detheme.com/templates/etan/images/2552x1130.svg]
[detheme.com/templates/etan/images/dot-pattern-1.svg]
[detheme.com/templates/etan/images/stripe-pattern.svg]
[detheme.com/templates/etan/images/list-1.svg]
[detheme.com/templates/etan/fonts/fa-brands-400.svg]
[detheme.com/templates/etan/fonts/fa-regular-400.svg]
[detheme.com/templates/etan/fonts/fa-solid-900.svg]
[detheme.com/templates/etan/images/logo8.svg]
[detheme.com/templates/etan/images/circle-button-1.svg]
[detheme.com/templates/etan/library/icons/favicon.82.delayed]
[detheme.com/templates/etan/library/icons/webclip.png]
[detheme.com/templates/etan/library/grid.html]
[detheme.com/templates/etan/library/icons/favicon.html]
[detheme.com/templates/etan/library/icons/webclip.html]
[detheme.com/templates/etan/images/Star.svg]
[detheme.com/templates/etan/images/Rectangle-2.svg]
[detheme.com/templates/etan/images/Star-1.svg]
[detheme.com/templates/etan/images/Polygon.svg]
[detheme.com/templates/etan/images/500x500.svg]
[detheme.com/templates/etan/images/500x500.svg]
